../Core/Src/main.c:112:5:main	3
../Core/Src/main.c:239:6:SystemClock_Config	3
../Core/Src/main.c:281:13:MX_TIM3_Init	5
../Core/Src/main.c:334:13:MX_USART1_UART_Init	2
../Core/Src/main.c:367:13:MX_GPIO_Init	1
../Core/Src/main.c:456:6:HAL_GPIO_EXTI_Callback	6
../Core/Src/main.c:467:6:DriveUntil	26
../Core/Src/main.c:597:6:take_turn_2	15
../Core/Src/main.c:744:6:check_gyro_saturation_manual	5
../Core/Src/main.c:781:6:TestFreewheel	2
../Core/Src/main.c:831:6:take_turn	13
../Core/Src/main.c:954:13:DriveForwardAdaptive	21
../Core/Src/main.c:1077:6:MoveForward	1
../Core/Src/main.c:1083:10:PulsesForAngle	1
../Core/Src/main.c:1089:6:TurnRight	1
../Core/Src/main.c:1095:6:TurnLeft	1
../Core/Src/main.c:1101:6:MazeSolveStep	6
../Core/Src/main.c:1154:13:DWT_Init	1
../Core/Src/main.c:1161:13:DelayMicroseconds	2
../Core/Src/main.c:1168:10:ReadUltrasonicCM	6
../Core/Src/main.c:1196:19:ReadAllUltrasonic	1
../Core/Src/main.c:1214:6:Error_Handler	1
