../Core/Src/main.c:112:5:main	32	static
../Core/Src/main.c:239:6:SystemClock_Config	88	static
../Core/Src/main.c:281:13:MX_TIM3_Init	48	static
../Core/Src/main.c:334:13:MX_USART1_UART_Init	8	static
../Core/Src/main.c:367:13:MX_GPIO_Init	48	static
../Core/Src/main.c:456:6:HAL_GPIO_EXTI_Callback	16	static
../Core/Src/main.c:467:6:DriveUntil	152	static,ignoring_inline_asm
../Core/Src/main.c:597:6:take_turn_2	224	static,ignoring_inline_asm
../Core/Src/main.c:744:6:check_gyro_saturation_manual	16	static
../Core/Src/main.c:781:6:TestFreewheel	16	static
../Core/Src/main.c:831:6:take_turn	200	static,ignoring_inline_asm
../Core/Src/main.c:954:13:DriveForwardAdaptive	232	static,ignoring_inline_asm
../Core/Src/main.c:1077:6:MoveForward	16	static
../Core/Src/main.c:1083:10:PulsesForAngle	24	static
../Core/Src/main.c:1089:6:TurnRight	24	static
../Core/Src/main.c:1095:6:TurnLeft	24	static
../Core/Src/main.c:1101:6:MazeSolveStep	128	static
../Core/Src/main.c:1154:13:DWT_Init	4	static
../Core/Src/main.c:1161:13:DelayMicroseconds	24	static
../Core/Src/main.c:1168:10:ReadUltrasonicCM	48	static
../Core/Src/main.c:1196:19:ReadAllUltrasonic	40	static
../Core/Src/main.c:1214:6:Error_Handler	4	static,ignoring_inline_asm
