../Core/Src/main.c:1062:13:DelayMicroseconds	2
../Core/Src/main.c:96:6:check_gyro_saturation_manual	5
../Core/Src/main.c:280:6:SystemClock_Config	3
../Core/Src/main.c:144:5:main	5
../Core/Src/main.c:488:6:HAL_GPIO_EXTI_Callback	3
../Core/Src/main.c:504:6:DriveUntil	14
../Core/Src/main.c:634:6:take_turn_2	6
../Core/Src/main.c:760:6:take_turn	6
../Core/Src/main.c:975:6:MoveForward	1
../Core/Src/main.c:981:10:PulsesForAngle	1
../Core/Src/main.c:987:6:TurnRight	1
../Core/Src/main.c:993:6:TurnLeft	1
../Core/Src/main.c:1069:10:ReadUltrasonicCM	5
../Core/Src/main.c:863:13:DriveForwardAdaptive	14
../Core/Src/main.c:999:6:MazeSolveStep	7
../Core/Src/main.c:1097:19:ReadAllUltrasonic	1
../Core/Src/main.c:1115:6:Error_Handler	1
