../Core/Src/main.c:1062:13:DelayMicroseconds	8	static
../Core/Src/main.c:96:6:check_gyro_saturation_manual	32	static
../Core/Src/main.c:280:6:SystemClock_Config	88	static,ignoring_inline_asm
../Core/Src/main.c:144:5:main	72	static,ignoring_inline_asm
../Core/Src/main.c:488:6:HAL_GPIO_EXTI_Callback	0	static
../Core/Src/main.c:504:6:DriveUntil	56	static,ignoring_inline_asm
../Core/Src/main.c:634:6:take_turn_2	48	static,ignoring_inline_asm
../Core/Src/main.c:760:6:take_turn	56	static,ignoring_inline_asm
../Core/Src/main.c:975:6:MoveForward	0	static
../Core/Src/main.c:981:10:PulsesForAngle	0	static
../Core/Src/main.c:987:6:TurnRight	8	static
../Core/Src/main.c:993:6:TurnLeft	8	static
../Core/Src/main.c:1069:10:ReadUltrasonicCM	40	static
../Core/Src/main.c:863:13:DriveForwardAdaptive	64	static,ignoring_inline_asm
../Core/Src/main.c:999:6:MazeSolveStep	104	static
../Core/Src/main.c:1097:19:ReadAllUltrasonic	24	static
../Core/Src/main.c:1115:6:Error_Handler	0	static,ignoring_inline_asm
